exports[`test renders correctly 1`] = `
<div
  className="user-profile">
  <Media
    left={
      <UserProfileAvatar
        imgSrc="http://path/to/avatar"
        username="test_username" />
    }
    right={
      <a
        className="card-header-icon">
        <span
          className="icon is-large">
          <i
            className="fa fa-ellipsis-h" />
        </span>
      </a>
    }>
    <div>
      <h1
        className="title is-1">
        test_username
      </h1>
      <p
        className="subtitle is-5">
        description of user
      </p>
    </div>
  </Media>
</div>
`;
