exports[`test renders correctly 1`] = `
<div>
  <section
    className="section" />
  <Footer>
    <MainColumns>
      <h4
        className="title is-4">
        Dev tools
      </h4>
      <Columns
        multiline={true}>
        <Column>
          <strong>
            User links
          </strong>
          <br />
          <Link
            onlyActiveOnIndex={false}
            style={Object {}}
            to="/adamsome">
            /adamsome
          </Link>
          <br />
          <Link
            onlyActiveOnIndex={false}
            style={Object {}}
            to="/other-user">
            /other-user
          </Link>
          <br />
          <Link
            onlyActiveOnIndex={false}
            style={Object {}}
            to="/not-a-user">
            /not-a-user
          </Link>
        </Column>
      </Columns>
    </MainColumns>
  </Footer>
</div>
`;
