exports[`test passes isLoading false when user defined 1`] = `
<UserPage
  isLoading={false}
  lists={
    Array [
      Object {
        "title": "list title",
      },
    ]
  }
  user={
    Object {
      "avatar": "http://path/to/avatar",
      "description": "description of user",
      "username": "test_username",
    }
  } />
`;
