exports[`test renders correctly 1`] = `
<div>
  <section
    className="section" />
  <footer
    className="footer">
    <div
      className="container has-text-centered">
      v0.1: No Functionality (
      <a
        href="http://github.com/adamsome/listman">
        github.com/adamsome/listman
      </a>
      )
    </div>
  </footer>
</div>
`;
