exports[`test renders <Error404> on error 1`] = `
<Error404
  error="User not found" />
`;

exports[`test renders correctly 1`] = `
<UserPage
  addList={[Function]}
  isLoading={false}
  lists={
    Array [
      Object {
        "title": "list title",
      },
    ]
  }
  user={
    Object {
      "avatar_url": "http://path/to/avatar",
      "description": "description of user",
      "username": "test_username",
    }
  } />
`;
